Archive member included to satisfy reference by file (symbol)

/home/kelvin/repos/avr-toolchain-atmel/avr-toolchain-bin/avr8-gnu-toolchain-linux_x86_64/bin/../lib/gcc/avr/5.4.0/avrxmega3/short-calls/libgcc.a(_exit.o)
                              crtattiny412.o (exit)

Memory Configuration

Name             Origin             Length             Attributes
text             0x0000000000000000 0x0000000000100000 xr
data             0x0000000000802000 0x000000000000ffa0 rw !x
eeprom           0x0000000000810000 0x0000000000010000 rw !x
fuse             0x0000000000820000 0x0000000000000009 rw !x
lock             0x0000000000830000 0x0000000000000400 rw !x
signature        0x0000000000840000 0x0000000000000400 rw !x
user_signatures  0x0000000000850000 0x0000000000000400 rw !x
*default*        0x0000000000000000 0xffffffffffffffff

Linker script and memory map

Address of section .data set to 0x803f00
LOAD crtattiny412.o
LOAD pdm.o
START GROUP
LOAD /home/kelvin/repos/avr-toolchain-atmel/avr-toolchain-bin/avr8-gnu-toolchain-linux_x86_64/bin/../lib/gcc/avr/5.4.0/avrxmega3/short-calls/libgcc.a
LOAD /home/kelvin/repos/avr-toolchain-atmel/avr-toolchain-bin/avr8-gnu-toolchain-linux_x86_64/bin/../lib/gcc/avr/5.4.0/../../../../avr/lib/avrxmega3/short-calls/libm.a
LOAD /home/kelvin/repos/avr-toolchain-atmel/avr-toolchain-bin/avr8-gnu-toolchain-linux_x86_64/bin/../lib/gcc/avr/5.4.0/../../../../avr/lib/avrxmega3/short-calls/libc.a
END GROUP
                0x0000000000100000                __TEXT_REGION_LENGTH__ = DEFINED (__TEXT_REGION_LENGTH__)?__TEXT_REGION_LENGTH__:0x100000
                0x000000000000ffa0                __DATA_REGION_LENGTH__ = DEFINED (__DATA_REGION_LENGTH__)?__DATA_REGION_LENGTH__:0xffa0
                0x0000000000010000                __EEPROM_REGION_LENGTH__ = DEFINED (__EEPROM_REGION_LENGTH__)?__EEPROM_REGION_LENGTH__:0x10000
                [0x0000000000000009]                __FUSE_REGION_LENGTH__ = DEFINED (__FUSE_REGION_LENGTH__)?__FUSE_REGION_LENGTH__:0x400
                0x0000000000000400                __LOCK_REGION_LENGTH__ = DEFINED (__LOCK_REGION_LENGTH__)?__LOCK_REGION_LENGTH__:0x400
                0x0000000000000400                __SIGNATURE_REGION_LENGTH__ = DEFINED (__SIGNATURE_REGION_LENGTH__)?__SIGNATURE_REGION_LENGTH__:0x400
                0x0000000000000400                __USER_SIGNATURE_REGION_LENGTH__ = DEFINED (__USER_SIGNATURE_REGION_LENGTH__)?__USER_SIGNATURE_REGION_LENGTH__:0x400
                0x0000000000008000                __RODATA_PM_OFFSET__ = DEFINED (__RODATA_PM_OFFSET__)?__RODATA_PM_OFFSET__:0x8000

.hash
 *(.hash)

.dynsym
 *(.dynsym)

.dynstr
 *(.dynstr)

.gnu.version
 *(.gnu.version)

.gnu.version_d
 *(.gnu.version_d)

.gnu.version_r
 *(.gnu.version_r)

.rel.init
 *(.rel.init)

.rela.init
 *(.rela.init)

.rel.text
 *(.rel.text)
 *(.rel.text.*)
 *(.rel.gnu.linkonce.t*)

.rela.text
 *(.rela.text)
 *(.rela.text.*)
 *(.rela.gnu.linkonce.t*)

.rel.fini
 *(.rel.fini)

.rela.fini
 *(.rela.fini)

.rel.rodata
 *(.rel.rodata)
 *(.rel.rodata.*)
 *(.rel.gnu.linkonce.r*)

.rela.rodata
 *(.rela.rodata)
 *(.rela.rodata.*)
 *(.rela.gnu.linkonce.r*)

.rel.data
 *(.rel.data)
 *(.rel.data.*)
 *(.rel.gnu.linkonce.d*)

.rela.data
 *(.rela.data)
 *(.rela.data.*)
 *(.rela.gnu.linkonce.d*)

.rel.ctors
 *(.rel.ctors)

.rela.ctors
 *(.rela.ctors)

.rel.dtors
 *(.rel.dtors)

.rela.dtors
 *(.rela.dtors)

.rel.got
 *(.rel.got)

.rela.got
 *(.rela.got)

.rel.bss
 *(.rel.bss)

.rela.bss
 *(.rela.bss)

.rel.plt
 *(.rel.plt)

.rela.plt
 *(.rela.plt)

.text           0x0000000000000000       0x60
 *(.vectors)
 .vectors       0x0000000000000000       0x34 crtattiny412.o
                0x0000000000000000                __vectors
                0x0000000000000000                __vector_default
 *(.vectors)
 *(.progmem.gcc*)
                0x0000000000000034                . = ALIGN (0x2)
                0x0000000000000034                __trampolines_start = .
 *(.trampolines)
 .trampolines   0x0000000000000034        0x0 linker stubs
 *(.trampolines*)
                0x0000000000000034                __trampolines_end = .
 *libprintf_flt.a:*(.progmem.data)
 *libc.a:*(.progmem.data)
 *(.progmem*)
                0x0000000000000034                . = ALIGN (0x2)
 *(.jumptables)
 *(.jumptables*)
 *(.lowtext)
 *(.lowtext*)
                0x0000000000000034                __ctors_start = .
 *(.ctors)
                0x0000000000000034                __ctors_end = .
                0x0000000000000034                __dtors_start = .
 *(.dtors)
                0x0000000000000034                __dtors_end = .
 SORT(*)(.ctors)
 SORT(*)(.dtors)
 *(.init0)
 .init0         0x0000000000000034        0x0 crtattiny412.o
                0x0000000000000034                __init
 *(.init0)
 *(.init1)
 *(.init1)
 *(.init2)
 .init2         0x0000000000000034        0xc crtattiny412.o
 *(.init2)
 *(.init3)
 *(.init3)
 *(.init4)
 *(.init4)
 *(.init5)
 *(.init5)
 *(.init6)
 *(.init6)
 *(.init7)
 *(.init7)
 *(.init8)
 *(.init8)
 *(.init9)
 .init9         0x0000000000000040        0x4 crtattiny412.o
 *(.init9)
 *(.text)
 .text          0x0000000000000044        0x2 crtattiny412.o
                0x0000000000000044                __vector_22
                0x0000000000000044                __vector_1
                0x0000000000000044                __vector_24
                0x0000000000000044                __vector_12
                0x0000000000000044                __bad_interrupt
                0x0000000000000044                __vector_6
                0x0000000000000044                __vector_3
                0x0000000000000044                __vector_23
                0x0000000000000044                __vector_25
                0x0000000000000044                __vector_11
                0x0000000000000044                __vector_13
                0x0000000000000044                __vector_17
                0x0000000000000044                __vector_19
                0x0000000000000044                __vector_7
                0x0000000000000044                __vector_5
                0x0000000000000044                __vector_4
                0x0000000000000044                __vector_9
                0x0000000000000044                __vector_2
                0x0000000000000044                __vector_21
                0x0000000000000044                __vector_15
                0x0000000000000044                __vector_8
                0x0000000000000044                __vector_14
                0x0000000000000044                __vector_10
                0x0000000000000044                __vector_16
                0x0000000000000044                __vector_18
                0x0000000000000044                __vector_20
 .text          0x0000000000000046        0x0 pdm.o
 .text          0x0000000000000046        0x0 /home/kelvin/repos/avr-toolchain-atmel/avr-toolchain-bin/avr8-gnu-toolchain-linux_x86_64/bin/../lib/gcc/avr/5.4.0/avrxmega3/short-calls/libgcc.a(_exit.o)
                0x0000000000000046                . = ALIGN (0x2)
 *(.text.*)
 .text.startup  0x0000000000000046       0x16 pdm.o
                0x0000000000000046                main
 .text.libgcc.mul
                0x000000000000005c        0x0 /home/kelvin/repos/avr-toolchain-atmel/avr-toolchain-bin/avr8-gnu-toolchain-linux_x86_64/bin/../lib/gcc/avr/5.4.0/avrxmega3/short-calls/libgcc.a(_exit.o)
 .text.libgcc.div
                0x000000000000005c        0x0 /home/kelvin/repos/avr-toolchain-atmel/avr-toolchain-bin/avr8-gnu-toolchain-linux_x86_64/bin/../lib/gcc/avr/5.4.0/avrxmega3/short-calls/libgcc.a(_exit.o)
 .text.libgcc   0x000000000000005c        0x0 /home/kelvin/repos/avr-toolchain-atmel/avr-toolchain-bin/avr8-gnu-toolchain-linux_x86_64/bin/../lib/gcc/avr/5.4.0/avrxmega3/short-calls/libgcc.a(_exit.o)
 .text.libgcc.prologue
                0x000000000000005c        0x0 /home/kelvin/repos/avr-toolchain-atmel/avr-toolchain-bin/avr8-gnu-toolchain-linux_x86_64/bin/../lib/gcc/avr/5.4.0/avrxmega3/short-calls/libgcc.a(_exit.o)
 .text.libgcc.builtins
                0x000000000000005c        0x0 /home/kelvin/repos/avr-toolchain-atmel/avr-toolchain-bin/avr8-gnu-toolchain-linux_x86_64/bin/../lib/gcc/avr/5.4.0/avrxmega3/short-calls/libgcc.a(_exit.o)
 .text.libgcc.fmul
                0x000000000000005c        0x0 /home/kelvin/repos/avr-toolchain-atmel/avr-toolchain-bin/avr8-gnu-toolchain-linux_x86_64/bin/../lib/gcc/avr/5.4.0/avrxmega3/short-calls/libgcc.a(_exit.o)
 .text.libgcc.fixed
                0x000000000000005c        0x0 /home/kelvin/repos/avr-toolchain-atmel/avr-toolchain-bin/avr8-gnu-toolchain-linux_x86_64/bin/../lib/gcc/avr/5.4.0/avrxmega3/short-calls/libgcc.a(_exit.o)
                0x000000000000005c                . = ALIGN (0x2)
 *(.fini9)
 .fini9         0x000000000000005c        0x0 /home/kelvin/repos/avr-toolchain-atmel/avr-toolchain-bin/avr8-gnu-toolchain-linux_x86_64/bin/../lib/gcc/avr/5.4.0/avrxmega3/short-calls/libgcc.a(_exit.o)
                0x000000000000005c                exit
                0x000000000000005c                _exit
 *(.fini9)
 *(.fini8)
 *(.fini8)
 *(.fini7)
 *(.fini7)
 *(.fini6)
 *(.fini6)
 *(.fini5)
 *(.fini5)
 *(.fini4)
 *(.fini4)
 *(.fini3)
 *(.fini3)
 *(.fini2)
 *(.fini2)
 *(.fini1)
 *(.fini1)
 *(.fini0)
 .fini0         0x000000000000005c        0x4 /home/kelvin/repos/avr-toolchain-atmel/avr-toolchain-bin/avr8-gnu-toolchain-linux_x86_64/bin/../lib/gcc/avr/5.4.0/avrxmega3/short-calls/libgcc.a(_exit.o)
 *(.fini0)
                0x0000000000000060                _etext = .

.rodata
 *(.rodata)
 *(.rodata*)
 *(.gnu.linkonce.r*)

.data           0x0000000000803f00        0x0 load address 0x0000000000000060
                [!provide]                        PROVIDE (__data_start, .)
 *(.data)
 .data          0x0000000000803f00        0x0 crtattiny412.o
 .data          0x0000000000803f00        0x0 pdm.o
 .data          0x0000000000803f00        0x0 /home/kelvin/repos/avr-toolchain-atmel/avr-toolchain-bin/avr8-gnu-toolchain-linux_x86_64/bin/../lib/gcc/avr/5.4.0/avrxmega3/short-calls/libgcc.a(_exit.o)
 *(.data*)
 *(.gnu.linkonce.d*)
                0x0000000000803f00                . = ALIGN (0x2)
                0x0000000000803f00                _edata = .
                [!provide]                        PROVIDE (__data_end, .)

.bss            0x0000000000803f00        0x0
                [!provide]                        PROVIDE (__bss_start, .)
 *(.bss)
 .bss           0x0000000000803f00        0x0 crtattiny412.o
 .bss           0x0000000000803f00        0x0 pdm.o
 .bss           0x0000000000803f00        0x0 /home/kelvin/repos/avr-toolchain-atmel/avr-toolchain-bin/avr8-gnu-toolchain-linux_x86_64/bin/../lib/gcc/avr/5.4.0/avrxmega3/short-calls/libgcc.a(_exit.o)
 *(.bss*)
 *(COMMON)
                [!provide]                        PROVIDE (__bss_end, .)
                0x0000000000000060                __data_load_start = LOADADDR (.data)
                0x0000000000000060                __data_load_end = (__data_load_start + SIZEOF (.data))

.noinit         0x0000000000803f00        0x0
                [!provide]                        PROVIDE (__noinit_start, .)
 *(.noinit*)
                [!provide]                        PROVIDE (__noinit_end, .)
                0x0000000000803f00                _end = .
                [!provide]                        PROVIDE (__heap_start, .)

.eeprom         0x0000000000810000        0x0
 *(.eeprom*)
                0x0000000000810000                __eeprom_end = .

.fuse
 *(.fuse)
 *(.lfuse)
 *(.hfuse)
 *(.efuse)

.lock
 *(.lock*)

.signature
 *(.signature*)

.user_signatures
 *(.user_signatures*)

.stab
 *(.stab)

.stabstr
 *(.stabstr)

.stab.excl
 *(.stab.excl)

.stab.exclstr
 *(.stab.exclstr)

.stab.index
 *(.stab.index)

.stab.indexstr
 *(.stab.indexstr)

.comment        0x0000000000000000       0x30
 *(.comment)
 .comment       0x0000000000000000       0x30 pdm.o
                                         0x31 (size before relaxing)

.note.gnu.avr.deviceinfo
                0x0000000000000000       0x3c
 .note.gnu.avr.deviceinfo
                0x0000000000000000       0x3c crtattiny412.o

.note.gnu.build-id
 *(.note.gnu.build-id)

.debug
 *(.debug)

.line
 *(.line)

.debug_srcinfo
 *(.debug_srcinfo)

.debug_sfnames
 *(.debug_sfnames)

.debug_aranges  0x0000000000000000       0x20
 *(.debug_aranges)
 .debug_aranges
                0x0000000000000000       0x20 pdm.o

.debug_pubnames
 *(.debug_pubnames)

.debug_info     0x0000000000000000     0x149c
 *(.debug_info .gnu.linkonce.wi.*)
 .debug_info    0x0000000000000000     0x13fd crtattiny412.o
 .debug_info    0x00000000000013fd       0x9f pdm.o

.debug_abbrev   0x0000000000000000     0x1354
 *(.debug_abbrev)
 .debug_abbrev  0x0000000000000000     0x12e8 crtattiny412.o
 .debug_abbrev  0x00000000000012e8       0x6c pdm.o

.debug_line     0x0000000000000000      0x210
 *(.debug_line .debug_line.* .debug_line_end)
 .debug_line    0x0000000000000000      0x136 crtattiny412.o
 .debug_line    0x0000000000000136       0xda pdm.o

.debug_frame    0x0000000000000000       0x24
 *(.debug_frame)
 .debug_frame   0x0000000000000000       0x24 pdm.o

.debug_str      0x0000000000000000      0x953
 *(.debug_str)
 .debug_str     0x0000000000000000      0x88e crtattiny412.o
 .debug_str     0x000000000000088e       0xc5 pdm.o
                                         0xf9 (size before relaxing)

.debug_loc      0x0000000000000000       0x47
 *(.debug_loc)
 .debug_loc     0x0000000000000000       0x47 pdm.o

.debug_macinfo
 *(.debug_macinfo)

.debug_weaknames
 *(.debug_weaknames)

.debug_funcnames
 *(.debug_funcnames)

.debug_typenames
 *(.debug_typenames)

.debug_varnames
 *(.debug_varnames)

.debug_pubtypes
 *(.debug_pubtypes)

.debug_ranges   0x0000000000000000       0x10
 *(.debug_ranges)
 .debug_ranges  0x0000000000000000       0x10 pdm.o

.debug_macro
 *(.debug_macro)
OUTPUT(pdm.elf elf32-avr)
LOAD linker stubs
